EN caixa1_somador NULL C:/cassio/VHDL/trabalho1/trabalho1/ipcore_dir/caixa1_somador.vhd sub00/vhpl00 1507676926
AR caixa1_somador caixa1_somador_a C:/cassio/VHDL/trabalho1/trabalho1/ipcore_dir/caixa1_somador.vhd sub00/vhpl01 1507676927
EN trabalho1 NULL C:/cassio/VHDL/trabalho1/trabalho1/trabalho1.vhd sub00/vhpl02 1507676928
AR trabalho1 behavioral C:/cassio/VHDL/trabalho1/trabalho1/trabalho1.vhd sub00/vhpl03 1507676929
